matrix(ZZ,
 [[0, 0, 1, 1],
  [1, 1, 1, 1],
  [0, 0, 0, -1],
  [0, -1, 0, 0]])

matrix(ZZ,
 [[1, 1, 1, 0],
  [1, 1, 1, 1],
  [0, 0, -1, 0],
  [0, -1, 0, 0]])

matrix(ZZ,
 [[0, 0, 1, 1],
  [1, 1, 1, 1],
  [0, 0, 0, -1],
  [0, -1, 0, 0]])

matrix(ZZ,
 [[0, 0, 1, 1],
  [1, 0, 0, 4],
  [0, 3, 2, 0],
  [0, 0, 0, -1]])

matrix(ZZ,
 [[1, 0, 0, 4],
  [0, 3, 2, 0],
  [0, 0, 1, 1],
  [0, 0, 0, -1]])

matrix(ZZ,
 [[1, 0, 0, 4],
  [0, 1, 1, 0],
  [0, 0, 0, -1],
  [0, 0, -1, 0]])

matrix(ZZ,
 [[1, 0, 0, 4],
  [0, 0, 1, 1],
  [0, 1, 0, 0],
  [0, 0, 0, -1]])

