Executing test C4_h
RingWithID(3, "ZZ/(101)[x[0],x[1],x[2],x[3],x[4]]")   GradingDim = 1   IsHomog(InputPolys) = true
C4_h = [x[0] +x[1] +x[2] +x[3],  x[1]^2 +2*x[1]*x[3] +x[3]^2,  x[1]*x[2]^2 +x[2]^2*x[3] +100*x[1]*x[3]^2 +100*x[3]^3,  x[1]*x[2]*x[3]^2 +x[2]^2*x[3]^2 +100*x[1]*x[3]^3 +x[2]*x[3]^3 +100*x[3]^4 +100*x[4]^4,  x[2]^3*x[3]^2 +x[2]^2*x[3]^3 +100*x[2]*x[4]^4 +100*x[3]*x[4]^4,  x[1]*x[3]^4 +x[3]^5 +100*x[1]*x[4]^4 +100*x[3]*x[4]^4,  x[2]^2*x[3]^4 +x[1]*x[2]*x[4]^4 +100*x[1]*x[3]*x[4]^4 +x[2]*x[3]*x[4]^4 +99*x[3]^2*x[4]^4]

Executing test C4_h
RingWithID(4, "ZZ/(101)[x[0],x[1],x[2],x[3],x[4]]")   GradingDim = 1   IsHomog(InputPolys) = true
C4_h = [x[0] +x[1] +x[2] +x[3],  x[1]^2 +2*x[1]*x[3] +x[3]^2,  x[1]*x[2]^2 +x[2]^2*x[3] +100*x[1]*x[3]^2 +100*x[3]^3,  x[1]*x[2]*x[3]^2 +x[2]^2*x[3]^2 +100*x[1]*x[3]^3 +x[2]*x[3]^3 +100*x[3]^4 +100*x[4]^4,  x[2]^3*x[3]^2 +x[2]^2*x[3]^3 +100*x[2]*x[4]^4 +100*x[3]*x[4]^4,  x[1]*x[3]^4 +x[3]^5 +100*x[1]*x[4]^4 +100*x[3]*x[4]^4,  x[2]^2*x[3]^4 +x[1]*x[2]*x[4]^4 +100*x[1]*x[3]*x[4]^4 +x[2]*x[3]*x[4]^4 +99*x[3]^2*x[4]^4]

Executing test C4_h
RingWithID(5, "QQ[#[0],#[1],#[2],#[3],#[4]]")   GradingDim = 1   IsHomog(InputPolys) = true
C4_h = [#[0] +#[1] +#[2] +#[3],  #[1]^2 +2*#[1]*#[3] +#[3]^2,  #[1]*#[2]^2 +#[2]^2*#[3] -#[1]*#[3]^2 -#[3]^3,  #[1]*#[2]*#[3]^2 +#[2]^2*#[3]^2 -#[1]*#[3]^3 +#[2]*#[3]^3 -#[3]^4 -#[4]^4,  #[2]^3*#[3]^2 +#[2]^2*#[3]^3 -#[2]*#[4]^4 -#[3]*#[4]^4,  #[1]*#[3]^4 +#[3]^5 -#[1]*#[4]^4 -#[3]*#[4]^4,  #[2]^2*#[3]^4 +#[1]*#[2]*#[4]^4 -#[1]*#[3]*#[4]^4 +#[2]*#[3]*#[4]^4 -2*#[3]^2*#[4]^4]

Executing test C4_h
RingWithID(6, "QQ[x[0],x[1],x[2],x[3],x[4]]")   GradingDim = 1   IsHomog(InputPolys) = true
C4_h = [x[0] +x[1] +x[2] +x[3],  x[1]^2 +2*x[1]*x[3] +x[3]^2,  x[1]*x[2]^2 +x[2]^2*x[3] -x[1]*x[3]^2 -x[3]^3,  x[1]*x[2]*x[3]^2 +x[2]^2*x[3]^2 -x[1]*x[3]^3 +x[2]*x[3]^3 -x[3]^4 -x[4]^4,  x[2]^3*x[3]^2 +x[2]^2*x[3]^3 -x[2]*x[4]^4 -x[3]*x[4]^4,  x[1]*x[3]^4 +x[3]^5 -x[1]*x[4]^4 -x[3]*x[4]^4,  x[2]^2*x[3]^4 +x[1]*x[2]*x[4]^4 -x[1]*x[3]*x[4]^4 +x[2]*x[3]*x[4]^4 -2*x[3]^2*x[4]^4]

Executing test C4
RingWithID(3, "ZZ/(101)[x[0],x[1],x[2],x[3],x[4]]")   GradingDim = 1   IsHomog(InputPolys) = false
C4 = [x[0] +x[1] +x[2] +x[3],  x[1]^2 +2*x[1]*x[3] +x[3]^2,  x[1]*x[2]^2 +x[2]^2*x[3] +100*x[1]*x[3]^2 +100*x[3]^3,  x[1]*x[2]*x[3]^2 +x[2]^2*x[3]^2 +100*x[1]*x[3]^3 +x[2]*x[3]^3 +100*x[3]^4 +100,  x[2]^3*x[3]^2 +x[2]^2*x[3]^3 +100*x[2] +100*x[3],  x[1]*x[3]^4 +x[3]^5 +100*x[1] +100*x[3],  x[2]^2*x[3]^4 +x[1]*x[2] +100*x[1]*x[3] +x[2]*x[3] +99*x[3]^2]

Executing test C4
RingWithID(4, "ZZ/(101)[x[0],x[1],x[2],x[3],x[4]]")   GradingDim = 1   IsHomog(InputPolys) = false
C4 = [x[0] +x[1] +x[2] +x[3],  x[1]^2 +2*x[1]*x[3] +x[3]^2,  x[1]*x[2]^2 +x[2]^2*x[3] +100*x[1]*x[3]^2 +100*x[3]^3,  x[1]*x[2]*x[3]^2 +x[2]^2*x[3]^2 +100*x[1]*x[3]^3 +x[2]*x[3]^3 +100*x[3]^4 +100,  x[2]^3*x[3]^2 +x[2]^2*x[3]^3 +100*x[2] +100*x[3],  x[1]*x[3]^4 +x[3]^5 +100*x[1] +100*x[3],  x[2]^2*x[3]^4 +x[1]*x[2] +100*x[1]*x[3] +x[2]*x[3] +99*x[3]^2]

Executing test C4
RingWithID(5, "QQ[#[0],#[1],#[2],#[3],#[4]]")   GradingDim = 1   IsHomog(InputPolys) = false
C4 = [#[0] +#[1] +#[2] +#[3],  #[1]^2 +2*#[1]*#[3] +#[3]^2,  #[1]*#[2]^2 +#[2]^2*#[3] -#[1]*#[3]^2 -#[3]^3,  #[1]*#[2]*#[3]^2 +#[2]^2*#[3]^2 -#[1]*#[3]^3 +#[2]*#[3]^3 -#[3]^4 -1,  #[2]^3*#[3]^2 +#[2]^2*#[3]^3 -#[2] -#[3],  #[1]*#[3]^4 +#[3]^5 -#[1] -#[3],  #[2]^2*#[3]^4 +#[1]*#[2] -#[1]*#[3] +#[2]*#[3] -2*#[3]^2]

Executing test C4
RingWithID(6, "QQ[x[0],x[1],x[2],x[3],x[4]]")   GradingDim = 1   IsHomog(InputPolys) = false
C4 = [x[0] +x[1] +x[2] +x[3],  x[1]^2 +2*x[1]*x[3] +x[3]^2,  x[1]*x[2]^2 +x[2]^2*x[3] -x[1]*x[3]^2 -x[3]^3,  x[1]*x[2]*x[3]^2 +x[2]^2*x[3]^2 -x[1]*x[3]^3 +x[2]*x[3]^3 -x[3]^4 -1,  x[2]^3*x[3]^2 +x[2]^2*x[3]^3 -x[2] -x[3],  x[1]*x[3]^4 +x[3]^5 -x[1] -x[3],  x[2]^2*x[3]^4 +x[1]*x[2] -x[1]*x[3] +x[2]*x[3] -2*x[3]^2]

Executing test Curve_h
RingWithID(12, "ZZ/(101)[x[0],x[1],x[2],x[3]]")   GradingDim = 1   IsHomog(InputPolys) = true
Curve_h = [x[0]^3 +100*x[1]^3,  x[0]^2*x[1]^3 +100*x[2]^5,  x[1]^6 +100*x[0]*x[2]^5,  x[0]^2*x[2]^5 +100*x[3]^7,  x[1]^3*x[2]^5 +100*x[0]*x[3]^7,  x[2]^10 +100*x[1]^3*x[3]^7]

Executing test Curve_h
RingWithID(13, "ZZ/(101)[x[0],x[1],x[2],x[3]]")   GradingDim = 1   IsHomog(InputPolys) = true
Curve_h = [x[0]^3 +100*x[1]^3,  x[0]^2*x[1]^3 +100*x[2]^5,  x[1]^6 +100*x[0]*x[2]^5,  x[0]^2*x[2]^5 +100*x[3]^7,  x[1]^3*x[2]^5 +100*x[0]*x[3]^7,  x[2]^10 +100*x[1]^3*x[3]^7]

Executing test Curve_h
RingWithID(14, "QQ[#[5],#[6],#[7],#[8]]")   GradingDim = 1   IsHomog(InputPolys) = true
Curve_h = [#[5]^3 -#[6]^3,  #[5]^2*#[6]^3 -#[7]^5,  #[6]^6 -#[5]*#[7]^5,  #[5]^2*#[7]^5 -#[8]^7,  #[6]^3*#[7]^5 -#[5]*#[8]^7,  #[7]^10 -#[6]^3*#[8]^7]

Executing test Curve_h
RingWithID(15, "QQ[x[0],x[1],x[2],x[3]]")   GradingDim = 1   IsHomog(InputPolys) = true
Curve_h = [x[0]^3 -x[1]^3,  x[0]^2*x[1]^3 -x[2]^5,  x[1]^6 -x[0]*x[2]^5,  x[0]^2*x[2]^5 -x[3]^7,  x[1]^3*x[2]^5 -x[0]*x[3]^7,  x[2]^10 -x[1]^3*x[3]^7]

Executing test Curve
RingWithID(12, "ZZ/(101)[x[0],x[1],x[2],x[3]]")   GradingDim = 1   IsHomog(InputPolys) = false
Curve = [x[0]^3 +100*x[1],  x[0]^2*x[1] +100*x[2],  x[1]^2 +100*x[0]*x[2],  x[0]^2*x[2] +100*x[3],  x[2]^2 +100*x[1]*x[3],  x[1]*x[2] +100*x[0]*x[3]]

Executing test Curve
RingWithID(13, "ZZ/(101)[x[0],x[1],x[2],x[3]]")   GradingDim = 1   IsHomog(InputPolys) = false
Curve = [x[0]^3 +100*x[1],  x[0]^2*x[1] +100*x[2],  x[1]^2 +100*x[0]*x[2],  x[0]^2*x[2] +100*x[3],  x[2]^2 +100*x[1]*x[3],  x[1]*x[2] +100*x[0]*x[3]]

Executing test Curve
RingWithID(14, "QQ[#[5],#[6],#[7],#[8]]")   GradingDim = 1   IsHomog(InputPolys) = false
Curve = [#[5]^3 -#[6],  #[5]^2*#[6] -#[7],  #[6]^2 -#[5]*#[7],  #[5]^2*#[7] -#[8],  #[7]^2 -#[6]*#[8],  #[6]*#[7] -#[5]*#[8]]

Executing test Curve
RingWithID(15, "QQ[x[0],x[1],x[2],x[3]]")   GradingDim = 1   IsHomog(InputPolys) = false
Curve = [x[0]^3 -x[1],  x[0]^2*x[1] -x[2],  x[1]^2 -x[0]*x[2],  x[0]^2*x[2] -x[3],  x[2]^2 -x[1]*x[3],  x[1]*x[2] -x[0]*x[3]]

Executing test Curve
RingWithID(20, "QQ[x[0],x[1],x[2],x[3]]")   GradingDim = 0   
Curve = [x[0]^3 -x[1],  x[0]^2*x[1] -x[2],  x[0]*x[2] -x[1]^2,  x[0]*x[1]^2 -x[3],  x[1]^4 -x[2]*x[3],  x[1]*x[3] -x[2]^2,  x[0]*x[3] -x[1]*x[2],  x[1]^3*x[2] -x[3]^2,  x[1]^2*x[2]^3 -x[3]^3,  x[1]*x[2]^5 -x[3]^4,  x[2]^7 -x[3]^5]

