Failed to decide whether the ring element 0.4207072333*10^15 is or is not the image of an integer.
