

---Unexisting record---
--> WARNING: Cannot find "PrintTagged", so I'm implicitly untagging the value
--> WHERE: at line 6 (column 9) of tagging.cocoa5
--> PrintLn a;
-->         ^
7


---Wrong type---
--> WARNING: The variable "PrintTagged" is not a record, so I'm implicitly untagging the value
--> WHERE: at line 10 (column 9) of tagging.cocoa5
--> PrintLn a;
-->         ^
7


---No fields ---
--> WARNING: The variable "PrintTagged" does not contain a field named "dots", so I'm implicitly untagging the value
--> WHERE: at line 14 (column 9) of tagging.cocoa5
--> PrintLn a;
-->         ^
7


---Field of wrong type--
--> WARNING: PrintTagged.dots does not contain a function, so I'm implicitly untagging the value
--> WHERE: at line 18 (column 9) of tagging.cocoa5
--> PrintLn a;
-->         ^
7


---Wrong arity---
--> WARNING: The function PrintTagged.dots cannot receive two arguments, so I'm implicitly untagging the value
--> WHERE: at line 22 (column 9) of tagging.cocoa5
--> PrintLn a;
-->         ^
7


---By ref1---
--> WARNING: The function PrintTagged.dots expects a by-ref argument, so I'm implicitly untagging the value
--> WHERE: at line 26 (column 9) of tagging.cocoa5
--> PrintLn a;
-->         ^
7


---By ref2 --
--> WARNING: The function PrintTagged.dots expects a by-ref argument, so I'm implicitly untagging the value
--> WHERE: at line 30 (column 9) of tagging.cocoa5
--> PrintLn a;
-->         ^
7


---By ref3---
--> WARNING: The function PrintTagged.dots expects a by-ref argument, so I'm implicitly untagging the value
--> WHERE: at line 34 (column 9) of tagging.cocoa5
--> PrintLn a;
-->         ^
7


---Not a proc---
should get here...


---Finally... a valid impl! ;-) ---
.......


---Other tests---
[untagged value]  tag=
[with tag "one"]  tag=one
[double tag ?!?]   tag=
Got 0 error(s) and 8 warning(s).
