matrix(QQ,
 [[1, 0, 0, 0, 0, 0, 0, 0, 0],
  [0, 1, 0, 0, 0, 0, 0, 0, 0],
  [0, 0, 1, 0, 0, 0, 0, 0, 0],
  [0, 0, 0, 1, 0, 0, 0, 0, 0],
  [0, 0, 0, 0, 1, 0, 0, 0, 0],
  [0, 0, 0, 0, 0, 1, 0, 0, 0],
  [0, 0, 0, 0, 0, 0, 1, 0, 0],
  [0, 0, 0, 0, 0, 0, 0, 1, 0],
  [0, 0, 0, 0, 0, 0, 0, 0, 1]])
[[1,  0,  0,  0,  0,  0,  0,  0,  0],  [0,  1,  0,  0,  0,  0,  0,  0,  0],  [0,  0,  1,  0,  0,  0,  0,  0,  0],  [0,  0,  0,  1,  0,  0,  0,  0,  0],  [0,  0,  0,  0,  1,  0,  0,  0,  0],  [0,  0,  0,  0,  0,  1,  0,  0,  0],  [0,  0,  0,  0,  0,  0,  1,  0,  0],  [0,  0,  0,  0,  0,  0,  0,  1,  0],  [0,  0,  0,  0,  0,  0,  0,  0,  1]]
matrix(QQ,
 [[0, 0, 0, 1, 0, 0],
  [0, 0, 0, 0, 0, 0],
  [0, 0, 0, 0, 0, 0],
  [0, 0, 0, 0, 0, 0],
  [0, 0, 0, 0, 0, 0],
  [0, 0, 0, 0, 0, 0]])
matrix(QQ,
 [[0, 0, 0, 0, 0, 0],
  [0, 0, 0, 1, 0, 0],
  [0, 0, 0, 0, 0, 0],
  [0, 0, 0, 0, 0, 0],
  [0, 0, 0, 0, 0, 0],
  [0, 0, 0, 0, 0, 0]])
matrix(QQ,
 [[0, 0, 0, 0, 0, 0],
  [0, 0, 0, 0, 0, 0],
  [0, 0, 0, 0, 0, 0],
  [0, 0, 0, 0, 0, 0],
  [0, 0, 0, 0, 0, 0],
  [0, 0, 0, 0, 0, 0]])
record[
  GB := [z[9]^2,  z[8]*z[9],  z[7]*z[9],  z[6]*z[9],  z[5]*z[9],  z[4]*z[9],  z[3]*z[9],  z[2]*z[9],  z[1]*z[9],  z[8]^2,  z[7]*z[8],  z[6]*z[8],  z[5]*z[8],  z[4]*z[8],  z[3]*z[8],  z[2]*z[8],  z[1]*z[8],  z[7]^2,  z[6]*z[7],  z[5]*z[7],  z[4]*z[7],  z[3]*z[7],  z[2]*z[7],  z[1]*z[7],  z[6]^2,  z[5]*z[6],  z[4]*z[6],  z[3]*z[6],  z[2]*z[6],  z[1]*z[6],  z[5]^2,  z[4]*z[5],  z[3]*z[5],  z[2]*z[5],  z[1]*z[5],  z[4]^2,  z[3]*z[4],  z[2]*z[4],  z[1]*z[4],  z[3]^2,  z[2]*z[3],  z[1]*z[3],  z[2]^2,  z[1]*z[2],  z[1]^2],
  QB := [1,  z[9],  z[8],  z[7],  z[6],  z[5],  z[4],  z[3],  z[2],  z[1]]
]
10
true
true
matrix(QQ,
 [[0, 0, 0, 1, 4, 7],
  [0, 0, 0, 2, 5, 8],
  [0, 0, 0, 3, 6, 9],
  [0, 0, 0, 0, 0, 0],
  [0, 0, 0, 0, 0, 0],
  [0, 0, 0, 0, 0, 0],
  [0, 0, 0, 9, 6, 3],
  [0, 0, 0, 8, 5, 2],
  [0, 0, 0, 7, 4, 1],
  [0, 0, 0, 0, 0, 0],
  [0, 0, 0, 0, 0, 0],
  [0, 0, 0, 0, 0, 0],
  [0, 0, 0, 1, 1, 1],
  [0, 0, 0, 3, 3, 3],
  [0, 0, 0, 1, 1, 1],
  [0, 0, 0, 0, 0, 0],
  [0, 0, 0, 0, 0, 0],
  [0, 0, 0, 0, 0, 0]])
[[1,  0,  0,  0,  0,  0],  [0,  1,  0,  0,  0,  0],  [0,  0,  1,  0,  0,  0],  [0,  0,  0,  1,  -2,  1]]
[[1,  0,  0,  0,  0,  0],  [0,  1,  0,  0,  0,  0],  [0,  0,  1,  0,  0,  0],  [0,  0,  0,  1,  -2,  1]]
[[1,  0,  0,  0,  0,  0],  [0,  1,  0,  0,  0,  0],  [0,  0,  1,  0,  0,  0],  [0,  0,  0,  -1,  1,  0],  [0,  0,  0,  -1,  0,  1]]
[[1,  0,  0,  0,  0,  0],  [0,  1,  0,  0,  0,  0],  [0,  0,  1,  0,  0,  0],  [0,  0,  0,  1,  -2,  1]]
true
[z -1,  z -2]
matrix(QQ,
 [[1],
  [1],
  [2],
  [1]])
matrix(QQ,
 [[0, 1/4],
  [0, 1/2],
  [1, 0],
  [0, 1]])
matrix(QQ,
 [[1, 0],
  [2, 0],
  [2, -1/4],
  [4, 0]])
matrix(QQ,
 [[0, 1/4],
  [0, 1/2],
  [1, 0],
  [0, 1]])
matrix(QQ,
 [[2, -1/4],
  [4, 0]])
[z -1]
[[1/4,  1]]
matrix(QQ,
 [[1/4],
  [1]])
matrix(QQ,
 [[1/4],
  [1/2],
  [1/4],
  [1]])
[
  matrix(QQ,
 [[1],
  [1],
  [2],
  [1]]),
  matrix(QQ,
 [[1/4],
  [1/2],
  [1/4],
  [1]])
]
[1,  1,  2,  1]
[1,  1,  2,  1]
[2,  2,  4,  2]
matrix(QQ,
 [[1]])
matrix(QQ,
 [[2]])
[1/4,  1/2,  1/4,  1]
[1/2,  1,  1/2,  2]
[1/4,  1/2,  1/4,  1]
matrix(QQ,
 [[2]])
matrix(QQ,
 [[1]])
true
[z^2 -2]
[z^2 -8]
[z^2 -2,  z^2 -18]
2
2
true
record[
  GB := [y^2 -3*y +2,  x*y -x -y +1,  x^3 -6*x^2 +12*x +y -9],
  QB := [1,  y,  x,  x^2]
]
[1,  y,  x,  x^2]
[
  matrix(QQ,
 [[1, 0, 0, 0],
  [0, 1, 0, 0],
  [0, 0, 1, 0],
  [0, 0, 0, 1]]),
  matrix(QQ,
 [[0, 0, 1, 0],
  [-1, 1, 1, 0],
  [-2, 0, 3, 0],
  [-1, 0, 1, 1]]),
  matrix(QQ,
 [[0, 1, 0, 0],
  [0, 0, 0, 1],
  [-1, 1, 1, 0],
  [9, -12, -1, 6]]),
  matrix(QQ,
 [[0, 0, 0, 1],
  [9, -12, -1, 6],
  [-1, 0, 1, 1],
  [55, -64, -7, 24]])
]
matrix( /*RingWithID(7, "QQ[w[1],w[2],w[3],w[4]]")*/
 [[w[1], w[3], w[2], w[4]],
  [w[2], -w[1] +w[2] +w[3], w[4], 9*w[1] -12*w[2] -w[3] +6*w[4]],
  [w[3], -2*w[1] +3*w[3], -w[1] +w[2] +w[3], -w[1] +w[3] +w[4]],
  [w[4], -w[1] +w[3] +w[4], 9*w[1] -12*w[2] -w[3] +6*w[4], 55*w[1] -64*w[2] -7*w[3] +24*w[4]]])
-125*w[1]^4 +300*w[1]^3*w[2] -240*w[1]^2*w[2]^2 +64*w[1]*w[2]^3 +200*w[1]^3*w[3] -420*w[1]^2*w[2]*w[3] +288*w[1]*w[2]^2*w[3] -64*w[2]^3*w[3] -90*w[1]^2*w[3]^2 +132*w[1]*w[2]*w[3]^2 -48*w[2]^2*w[3]^2 +16*w[1]*w[3]^3 -12*w[2]*w[3]^3 -w[3]^4 -75*w[1]^3*w[4] +120*w[1]^2*w[2]*w[4] -48*w[1]*w[2]^2*w[4] +105*w[1]^2*w[3]*w[4] -144*w[1]*w[2]*w[3]*w[4] +48*w[2]^2*w[3]*w[4] -33*w[1]*w[3]^2*w[4] +24*w[2]*w[3]^2*w[4] +3*w[3]^3*w[4] -15*w[1]^2*w[4]^2 +12*w[1]*w[2]*w[4]^2 +18*w[1]*w[3]*w[4]^2 -12*w[2]*w[3]*w[4]^2 -3*w[3]^2*w[4]^2 -w[1]*w[4]^3 +w[3]*w[4]^3
-125
matrix(QQ,
 [[1, 0, 0, 0],
  [0, 46/125, -81/125, -9/125],
  [0, -111/125, 46/125, 19/125],
  [0, 19/125, -9/125, -1/125]])
matrix( /*RingWithID(6, "QQ[x,y]")*/
 [[1, 0, 0, 0],
  [0, 46/125, -81/125, -9/125],
  [0, -111/125, 46/125, 19/125],
  [0, 19/125, -9/125, -1/125]])
matrix(QQ,
 [[1, 0, 0, 0],
  [0, 1, 0, 0],
  [0, 0, 1, 0],
  [0, 0, 0, 1]])
matrix(QQ,
 [[0, -111/125, 46/125, 19/125],
  [1, -182/125, 27/125, 3/125],
  [0, -111/125, 46/125, 19/125],
  [0, 116/125, 24/125, -164/125]])
matrix(QQ,
 [[0, 46/125, -81/125, -9/125],
  [0, 27/125, -72/125, -8/125],
  [1, 46/125, -206/125, -9/125],
  [0, 24/125, -64/125, -21/125]])
matrix(QQ,
 [[0, 19/125, -9/125, -1/125],
  [0, 3/125, -8/125, 13/125],
  [0, 19/125, -9/125, -1/125],
  [1, -164/125, -21/125, 81/125]])
matrix(QQ,
 [[1],
  [0],
  [0],
  [0]])
matrix(QQ,
 [[0],
  [1],
  [0],
  [0]])
matrix(QQ,
 [[0],
  [0],
  [1],
  [0]])
matrix(QQ,
 [[0],
  [0],
  [0],
  [1]])
true
z^7
z^7
z^3
z^7
record[
  GB := [y^7,  x +(847/20736)*y^6 +(85/1728)*y^5 +(7/144)*y^4 +(1/12)*y^3],
  QB := [1,  y,  y^2,  y^3,  y^4,  y^5,  y^6]
]
(-847/20736)*y^6 +(-85/1728)*y^5 +(-7/144)*y^4 +(-1/12)*y^3
true
