matrix(QQ,
 [[0, 1],
  [-1, 0]])
matrix(QQ,
 [[0, 1],
  [-1, 0]])
matrix(QQ,
 [[0, 1],
  [-1, 0]])
matrix(QQ,
 [[0, 1, 0, 0, 1, 0],
  [-1, 0, 0, 0, 0, 1],
  [0, 0, 0, 1, 0, 0],
  [0, 0, -1, 0, 0, 0],
  [0, 0, 0, 0, 0, 1],
  [0, 0, 0, 0, -1, 0]])
z^6 +3*z^4 +3*z^2 +1
z^6 +3*z^4 +3*z^2 +1
z^4 +2*z^2 +1
matrix(QQ,
 [[0, 0, 0, 0, 0, 0],
  [0, 0, 0, 0, 0, 0],
  [0, 0, 0, 0, 0, 0],
  [0, 0, 0, 0, 0, 0],
  [0, 0, 0, 0, 0, 0],
  [0, 0, 0, 0, 0, 0]])
matrix(QQ,
 [[0, 0, 0, 0, 0, 0],
  [0, 0, 0, 0, 0, 0],
  [0, 0, 0, 0, 0, 0],
  [0, 0, 0, 0, 0, 0],
  [0, 0, 0, 0, 0, 0],
  [0, 0, 0, 0, 0, 0]])
[1,  0,  0,  0,  0,  0,  0,  1,  0,  0,  0,  0,  0,  0,  1,  0,  0,  0,  0,  0,  0,  1,  0,  0,  0,  0,  0,  0,  1,  0,  0,  0,  0,  0,  0,  1]
[0,  1,  0,  0,  1,  0,  -1,  0,  0,  0,  0,  1,  0,  0,  0,  1,  0,  0,  0,  0,  -1,  0,  0,  0,  0,  0,  0,  0,  0,  1,  0,  0,  0,  0,  -1,  0]
matrix(QQ,
 [[1, 0, 0, 0, 0, 0, 0, 1, 0, 0, 0, 0, 0, 0, 1, 0, 0, 0, 0, 0, 0, 1, 0, 0, 0, 0, 0, 0, 1, 0, 0, 0, 0, 0, 0, 1],
  [0, 1, 0, 0, 1, 0, -1, 0, 0, 0, 0, 1, 0, 0, 0, 1, 0, 0, 0, 0, -1, 0, 0, 0, 0, 0, 0, 0, 0, 1, 0, 0, 0, 0, -1, 0],
  [-1, 0, 0, 0, 0, 2, 0, -1, 0, 0, -2, 0, 0, 0, -1, 0, 0, 0, 0, 0, 0, -1, 0, 0, 0, 0, 0, 0, -1, 0, 0, 0, 0, 0, 0, -1]])
[]
[]
[[1,  0,  2,  0,  1]]
matrix(QQ,
 [[0, 0, 0, 0, 0, 0],
  [0, 0, 0, 0, 0, 0],
  [0, 0, 0, 0, 0, 0],
  [0, 0, 0, 0, 0, 0],
  [0, 0, 0, 0, 0, 0],
  [0, 0, 0, 0, 0, 0]])
matrix(QQ,
 [[0, 0, 0, 0, 0, 0],
  [0, 0, 0, 0, 0, 0],
  [0, 0, 0, 0, 0, 0],
  [0, 0, 0, 0, 0, 0],
  [0, 0, 0, 0, 0, 0],
  [0, 0, 0, 0, 0, 0]])
true
matrix(QQ,
 [[0, 1, 1, 0, 0, 0],
  [-1, 0, 0, 1, 0, 0],
  [0, 0, 0, 1, 1, 0],
  [0, 0, -1, 0, 0, 1],
  [0, 0, 0, 0, 0, 1],
  [0, 0, 0, 0, -1, 0]])
z^6 +3*z^4 +3*z^2 +1
z^6 +3*z^4 +3*z^2 +1
true
record[RemainingFactor := 1, factors := [z^2 +1], multiplicities := [3]]
record[RemainingFactor := 1, factors := [z^2 +1], multiplicities := [2]]
record[RemainingFactor := 1, factors := [z^2 +1], multiplicities := [3]]
z^3 +4*z^2 +4*z
record[RemainingFactor := 1, factors := [z,  z +2], multiplicities := [1,  2]]
z^2 +2*z
record[RemainingFactor := 1, factors := [z +2,  z], multiplicities := [1,  1]]
z^3 +2*z^2 -7*z +4
[z +4,  z -1]
z^2 +3*z -4
[z +4,  z -1]
[]
[]
[[0,  0,  1]]
matrix(QQ,
 [[1, 0, 0],
  [0, 0, 0],
  [0, 0, 0]])
[[0,  1,  0],  [0,  0,  1]]
matrix(QQ,
 [[1, 0, 0],
  [0, 0, 0],
  [0, 0, 0]])
[[0,  1,  0],  [0,  0,  1]]
z^3 -z^2 -2*z +2
[z -1,  z^2 -2]
[z -1,  z^2 -2]
[z -1,  z^2 -2]
matrix(QQ,
 [[-1/5],
  [1],
  [1]])
[[-1/5,  1,  1]]
[[0,  1,  0],  [0,  0,  1]]
[[-1/5,  1,  1]]
[[0,  1,  0],  [0,  0,  1]]
[z -1,  z]
[1,  2]
matrix(QQ,
 [[0, 0, 0],
  [0, -1, 0],
  [0, 1, -1]])
[[1,  0,  0]]
matrix(QQ,
 [[0],
  [0],
  [0]])
matrix(QQ,
 [[1, 0, 0],
  [0, 0, 0],
  [0, 1, 0]])
[[0,  1,  0],  [0,  0,  1]]
matrix(QQ,
 [[0, 0],
  [0, 0],
  [1, 0]])
matrix(QQ,
 [[0, 0],
  [0, 0],
  [0, 0]])
matrix(QQ,
 [[0, 0],
  [-1, 0],
  [1, -1]])
matrix(QQ,
 [[1],
  [0],
  [0]])
[1,  2]
[[1,  0,  0]]
[[1,  0,  0]]
[[0,  0,  1]]
[[0,  1,  0],  [0,  0,  1]]
[z -1]
[2]
[[1,  0]]
true
