[x,  y,  x -1,  y -1,  x -y]
[x,  y,  x -y,  x +y]
x^3*y^2 -x^2*y^3 -x^3*y +x*y^3 +x^2*y -x*y^2
x^3*y -x*y^3
OnlineHelp: unsorted entries: operators, shortcuts -- abs
--============( IsArrCentral )=============--
--> IsArrCentral(A: LIST): BOOL 
This function tests whether the arrangement is central from the list A of hyperplanes.
------<  example  >------
/**/ use QQ[x,y];	
/**/ A := [x, x-y, y];
/**/ IsArrCentral(A);
true

/**/ A := [x, x-1, y];
/**/ IsArrCentral(A);
false
------< end example >------
--============( end IsArrCentral )=============--
false
true
--============( IsZeroDim )=============--
--> IsZeroDim(I: IDEAL): BOOL
This function tests whether its argument is zero-dimensional.
------<  example  >------
/**/  use QQ[x,y,z];
/**/  IsZeroDim(ideal(x));
false
/**/  IsZeroDim(ideal(x^3, y^4-x ,z-3));
true
/**/  IsZeroDim(ideal(x^2, x*y^3));
false
------< end example >------
--> See also:
 ? dim
--============( end IsZeroDim )=============--
[[1,  2],  [1,  3],  [1,  4],  [1,  5],  [1,  6],  [2,  7],  [2,  8],  [3,  7],  [3,  9],  [4,  9],  [4,  10],  [5,  8],  [5,  10],  [6,  7],  [6,  10]]
false
true
[[1,  2],  [1,  3],  [1,  4],  [1,  5],  [2,  6],  [3,  6],  [4,  6],  [5,  6]]
true
true
[[ideal(0)],  [ideal(x),  ideal(y),  ideal(x -1),  ideal(y -1),  ideal(x -y)],  [ideal(y,  x),  ideal(y -1,  x),  ideal(y,  x -1),  ideal(y -1,  x -1)]]
[
  [ideal(0)],
  [ideal(x),  ideal(y),  ideal(x -1),  ideal(y -1),  ideal(x -y)],
  [ideal(y,  x),  ideal(y -1,  x),  ideal(y,  x -1),  ideal(y -1,  x -1)]
]
[[ideal(0)],  [ideal(x),  ideal(y),  ideal(x -y),  ideal(x +y)],  [ideal(y,  x)]]
[
  [ideal(0)],
  [ideal(x),  ideal(y),  ideal(x -y),  ideal(x +y)],
  [ideal(y,  x)]
]
[1,  -1,  -1,  -1,  -1,  -1,  2,  1,  1,  2]
[1,  -1,  -1,  -1,  -1,  3]
6*t^2 +5*t +1
3*t^2 +4*t +1
t^2 -5*t +6
t^2 -4*t +3
t[1]^2 +t[1] +t[2]
[x,  y,  x -1,  y -1,  x -y]
[x,  y,  x -1,  y -1,  x -y]
[x,  y,  x -z,  y -z,  x -y,  z]
[x,  y,  x -y,  x +y]
[x,  y,  x -y,  x +y,  z]
6*t^3 +11*t^2 +6*t +1
RingWithID(98, "QQ[t]")
true
3*t^3 +7*t^2 +5*t +1
true
12
12
RingWithID(98, "QQ[t]")
8
0
[x +y,  x -z,  x +z,  y -z,  y +z]
[y[1],  y[1] -y[2],  y[1] +y[2]]
true
