[[x,  1],  [y,  2],  [z,  2],  [x -y,  1]]
x^2*y^2*z^2 -x*y^3*z^2
[[x,  1],  [y,  1],  [x +z,  1],  [y -z,  1]]
x^2*y^2 -x^2*y*z +x*y^2*z -x*y*z^2
[x,  y,  x +z,  y -z]
true
[x,  y,  z,  x -y]
true
[[x,  1],  [y,  2],  [x +z,  3],  [y -z,  6]]
true
[x,  y,  x +t,  x -t,  y +z -2*t]
[[y[1],  1],  [y[3],  2],  [y[1] +y[2] -2*y[3],  1]]
[x -y,  x -z,  x -t,  y -z,  y -t,  z -t]
[[y[1] -y[2],  2],  [y[1] -y[3],  2],  [y[2] -y[3],  1]]
[[x,  1],  [y,  2],  [z,  2],  [x -y,  1]]
x^2*y^2*z^2 -x*y^3*z^2
matrix( /*RingWithID(7, "QQ[x,y,z]")*/
 [[x^2, 0, x*y],
  [y^2, 0, y^2],
  [0, z^2, 0]])
true
[2,  2,  2]
true
true
[[x,  3],  [y,  3],  [x -y,  1],  [x +y,  1]]
[[x,  3],  [y,  3],  [x -y,  1],  [x +2*y,  1]]
true
true
[3,  5]
[4,  4]
[x,  y,  x +t,  x -t,  y +z -2*t]
true
[[y[1],  1],  [y[3],  2],  [y[1] +y[2] -2*y[3],  1]]
true
[x -y,  x -z,  x -t,  y -z,  y -t,  z -t]
true
[[y[1] -y[2],  2],  [y[1] -y[3],  1],  [y[2] -y[3],  2]]
true
[x,  x +z,  x -3*y,  x -3*y +7*z,  x -y +z]
false
[[y[2],  1],  [y[1],  1],  [y[1] +(-7/3)*y[2],  1],  [y[1] -y[2],  1]]
true
[x -y,  x +y,  x -z,  x +z,  y -z,  y +z]
ideal(2*x^2 +2*y^2 +2*z^2,  6*x*y*z,  2*x^2*y^2 -2*y^4 +2*x^2*z^2 -2*z^4)
RingWithID(464, "RingWithID(456)/ideal(2*x^2 +2*y^2 +2*z^2,  6*x*y*z,  2*x^2*y^2 -2*y^4 +2*x^2*z^2 -2*z^4)")
[x,  x +4*y -z,  y +z]
ideal(4*x*y +2*y^2 +4*x*z +2*y*z,  -x^2 -18*x*y -15*x*z -10*y*z,  2*x^2 -4*x*y -2*x*z -2*y*z)
RingWithID(472, "RingWithID(456)/ideal(4*x*y +2*y^2 +4*x*z +2*y*z,  -x^2 -18*x*y -15*x*z -10*y*z,  2*x^2 -4*x*y -2*x*z -2*y*z)")
3
[x -y,  x +y,  x -z,  x +z,  y -z,  y +z]
true
[1,  2,  3]
2
RingWithID(493, "RingWithID(473)/ideal(2*x^2 +2*y^2 +2*z^2,  6*x*y*z,  2*x^2*y^2 -2*y^4 +2*x^2*z^2 -2*z^4)")
t^6 +3*t^5 +5*t^4 +6*t^3 +5*t^2 +3*t +1
true
[x,  y,  z,  x -y,  x +y,  x -z,  x +z,  y -z,  y +z]
true
[1,  3,  5]
2
ideal(2*x^2 +2*y^2 +2*z^2,  2*x^2*y^2 -2*y^4 +2*x^2*z^2 -2*z^4,  2*x^2*y^2*z^2 -2*x^2*z^4 -2*y^2*z^4 +2*z^6)
RingWithID(515, "RingWithID(473)/ideal(2*x^2 +2*y^2 +2*z^2,  2*x^2*y^2 -2*y^4 +2*x^2*z^2 -2*z^4,  2*x^2*y^2*z^2 -2*x^2*z^4 -2*y^2*z^4 +2*z^6)")
t^9 +3*t^8 +5*t^7 +7*t^6 +8*t^5 +8*t^4 +7*t^3 +5*t^2 +3*t +1
true
[x -y,  x -z,  y -z]
ideal(y[1]*y[2] -y[1]*y[3] +y[2]*y[3])
ideal(y[1]*y[2] -y[1]*y[3] +y[2]*y[3],  y[1]^2,  y[2]^2,  y[3]^2)
RingWithID(520, "RingWithID(518)/ideal(y[1]*y[2] -y[1]*y[3] +y[2]*y[3],  y[1]^2,  y[2]^2,  y[3]^2)")
[x,  y,  z,  x +y +z]
ideal(y[1]*y[2]*y[3] -y[1]*y[2]*y[4] -y[1]*y[3]*y[4] -y[2]*y[3]*y[4])
ideal(y[1]*y[2]*y[3] -y[1]*y[2]*y[4] -y[1]*y[3]*y[4] -y[2]*y[3]*y[4],  y[1]^2,  y[2]^2,  y[3]^2,  y[4]^2)
[x -y,  x -z,  y -z]
ideal(y[1]*y[2] -y[1]*y[3] +y[2]*y[3],  y[1]^2,  y[2]^2,  y[3]^2)
2*t^2 +3*t +1
2*t^2 +3*t +1
true
[x,  y,  z,  x +y +z]
ideal(y[1]*y[2]*y[3] -y[1]*y[2]*y[4] -y[1]*y[3]*y[4] -y[2]*y[3]*y[4],  y[1]^2,  y[2]^2,  y[3]^2,  y[4]^2)
3*t^3 +6*t^2 +4*t +1
3*t^3 +6*t^2 +4*t +1
true
[x,  y,  z,  x -y,  x +y,  x -z,  x +z,  y -z,  y +z]
ideal(y[1]*y[2] +y[1]*y[4] -y[2]*y[4],  y[1]*y[2] -y[1]*y[5] -y[2]*y[5],  y[1]*y[3] +y[1]*y[6] -y[3]*y[6],  y[1]*y[3] -y[1]*y[7] -y[3]*y[7],  y[1]*y[4] +y[1]*y[5] -2*y[4]*y[5],  y[1]*y[6] +y[1]*y[7] -2*y[6]*y[7],  y[2]*y[3] +y[2]*y[8] -y[3]*y[8],  y[2]*y[3] -y[2]*y[9] -y[3]*y[9],  y[2]*y[4] -y[2]*y[5] -2*y[4]*y[5],  y[2]*y[8] +y[2]*y[9] -2*y[8]*y[9],  y[3]*y[6] -y[3]*y[7] -2*y[6]*y[7],  y[3]*y[8] -y[3]*y[9] -2*y[8]*y[9],  y[4]*y[6] -y[4]*y[8] +y[6]*y[8],  y[4]*y[7] -y[4]*y[9] +y[7]*y[9],  y[5]*y[6] +y[5]*y[9] -y[6]*y[9],  y[5]*y[7] +y[5]*y[8] -y[7]*y[8],  y[1]*y[2]*y[6] -y[1]*y[2]*y[8] -y[1]*y[6]*y[8] +y[2]*y[6]*y[8],  y[1]*y[2]*y[6] +y[1]*y[2]*y[9] -y[1]*y[6]*y[9] -y[2]*y[6]*y[9],  y[1]*y[2]*y[7] +y[1]*y[2]*y[8] -y[1]*y[7]*y[8] -y[2]*y[7]*y[8],  y[1]*y[2]*y[7] -y[1]*y[2]*y[9] -y[1]*y[7]*y[9] +y[2]*y[7]*y[9],  y[1]*y[3]*y[4] +y[1]*y[3]*y[8] +y[1]*y[4]*y[8] -y[3]*y[4]*y[8],  y[1]*y[3]*y[4] +y[1]*y[3]*y[9] -y[1]*y[4]*y[9] -y[3]*y[4]*y[9],  y[1]*y[3]*y[5] -y[1]*y[3]*y[8] +y[1]*y[5]*y[8] +y[3]*y[5]*y[8],  y[1]*y[3]*y[5] -y[1]*y[3]*y[9] -y[1]*y[5]*y[9] +y[3]*y[5]*y[9],  y[1]*y[4]*y[6] +y[1]*y[4]*y[9] +y[1]*y[6]*y[9] -2*y[4]*y[6]*y[9],  y[1]*y[4]*y[7] +y[1]*y[4]*y[8] +y[1]*y[7]*y[8] -2*y[4]*y[7]*y[8],  y[1]*y[4]*y[8] +y[1]*y[4]*y[9] +2*y[1]*y[8]*y[9] -2*y[4]*y[8]*y[9],  y[1]*y[5]*y[6] -y[1]*y[5]*y[8] -y[1]*y[6]*y[8] +2*y[5]*y[6]*y[8],  y[1]*y[5]*y[7] -y[1]*y[5]*y[9] -y[1]*y[7]*y[9] +2*y[5]*y[7]*y[9],  y[1]*y[5]*y[8] +y[1]*y[5]*y[9] -2*y[1]*y[8]*y[9] +2*y[5]*y[8]*y[9],  y[1]*y[6]*y[8] -y[1]*y[6]*y[9] +2*y[1]*y[8]*y[9] -2*y[6]*y[8]*y[9],  y[1]*y[7]*y[8] -y[1]*y[7]*y[9] -2*y[1]*y[8]*y[9] +2*y[7]*y[8]*y[9],  y[2]*y[3]*y[4] -y[2]*y[3]*y[6] +y[2]*y[4]*y[6] -y[3]*y[4]*y[6],  y[2]*y[3]*y[4] -y[2]*y[3]*y[7] -y[2]*y[4]*y[7] -y[3]*y[4]*y[7],  y[2]*y[3]*y[5] -y[2]*y[3]*y[6] +y[2]*y[5]*y[6] +y[3]*y[5]*y[6],  y[2]*y[3]*y[5] -y[2]*y[3]*y[7] -y[2]*y[5]*y[7] +y[3]*y[5]*y[7],  y[2]*y[4]*y[6] +y[2]*y[4]*y[7] -2*y[2]*y[6]*y[7] -2*y[4]*y[6]*y[7],  y[2]*y[4]*y[6] +y[2]*y[4]*y[9] -y[2]*y[6]*y[9] -2*y[4]*y[6]*y[9],  y[2]*y[4]*y[7] +y[2]*y[4]*y[8] -y[2]*y[7]*y[8] -2*y[4]*y[7]*y[8],  y[2]*y[5]*y[6] +y[2]*y[5]*y[7] -2*y[2]*y[6]*y[7] +2*y[5]*y[6]*y[7],  y[2]*y[5]*y[6] -y[2]*y[5]*y[8] +y[2]*y[6]*y[8] -2*y[5]*y[6]*y[8],  y[2]*y[5]*y[7] -y[2]*y[5]*y[9] +y[2]*y[7]*y[9] -2*y[5]*y[7]*y[9],  y[2]*y[6]*y[7] +(1/2)*y[2]*y[6]*y[8] +(-1/2)*y[2]*y[7]*y[8] -y[6]*y[7]*y[8],  y[2]*y[6]*y[7] +(-1/2)*y[2]*y[6]*y[9] +(1/2)*y[2]*y[7]*y[9] -y[6]*y[7]*y[9],  y[3]*y[4]*y[5] +(-1/2)*y[3]*y[4]*y[6] +(-1/2)*y[3]*y[5]*y[6] +y[4]*y[5]*y[6],  y[3]*y[4]*y[5] +(-1/2)*y[3]*y[4]*y[7] +(-1/2)*y[3]*y[5]*y[7] -y[4]*y[5]*y[7],  y[3]*y[4]*y[5] +(-1/2)*y[3]*y[4]*y[8] +(1/2)*y[3]*y[5]*y[8] +y[4]*y[5]*y[8],  y[3]*y[4]*y[5] +(-1/2)*y[3]*y[4]*y[9] +(1/2)*y[3]*y[5]*y[9] -y[4]*y[5]*y[9],  y[3]*y[4]*y[6] -y[3]*y[4]*y[9] +y[3]*y[6]*y[9] -2*y[4]*y[6]*y[9],  y[3]*y[4]*y[7] -y[3]*y[4]*y[8] +y[3]*y[7]*y[8] +2*y[4]*y[7]*y[8],  y[3]*y[5]*y[6] +y[3]*y[5]*y[8] -y[3]*y[6]*y[8] +2*y[5]*y[6]*y[8],  y[3]*y[5]*y[7] +y[3]*y[5]*y[9] -y[3]*y[7]*y[9] -2*y[5]*y[7]*y[9],  y[4]*y[5]*y[6] +y[4]*y[5]*y[7] -y[4]*y[6]*y[7] -y[5]*y[6]*y[7],  y[4]*y[5]*y[8] +y[4]*y[5]*y[9] -y[4]*y[8]*y[9] +y[5]*y[8]*y[9],  y[6]*y[7]*y[8] -y[6]*y[7]*y[9] -y[6]*y[8]*y[9] +y[7]*y[8]*y[9],  y[1]^2,  y[2]^2,  y[3]^2,  y[4]^2,  y[5]^2,  y[6]^2,  y[7]^2,  y[8]^2,  y[9]^2)
15*t^3 +23*t^2 +9*t +1
15*t^3 +23*t^2 +9*t +1
true
